// Jest Snapshot v1, https://goo.gl/fbAQLP

exports[`snapshot test: ErrorMessage component should render correctly 1`] = `
<div
  className="error-message"
>
  error
</div>
`;
