// Jest Snapshot v1, https://goo.gl/fbAQLP

exports[`snapshot test: App component should render correctly 1`] = `
<Router
  history={
    Object {
      "action": "POP",
      "block": [Function],
      "createHref": [Function],
      "go": [Function],
      "goBack": [Function],
      "goForward": [Function],
      "length": 1,
      "listen": [Function],
      "location": Object {
        "hash": "",
        "pathname": "/",
        "search": "",
        "state": undefined,
      },
      "push": [Function],
      "replace": [Function],
    }
  }
>
  <Switch>
    <Route
      exact={true}
      path="/"
      render={[Function]}
    />
    <GuestRoute
      authorizationStatus="UNAUTHORIZED"
      exact={true}
      path="/login"
      render={[Function]}
    />
    <Route
      exact={true}
      path="/offer/:offerId"
      render={[Function]}
    />
    <PrivateRoute
      authorizationStatus="UNAUTHORIZED"
      exact={true}
      path="/favorites"
      render={[Function]}
    />
  </Switch>
</Router>
`;
